// Jest Snapshot v1, https://goo.gl/fbAQLP

exports[`CloseStoreModal renders correctly 1`] = `
<Modal
  animationType="slide"
  hardwareAccelerated={false}
  onRequestClose={[Function]}
  onShow={[Function]}
  transparent={true}
  visible={true}
>
  <
    style={
      Object {
        "backgroundColor": "#00000080",
        "flex": 1,
        "justifyContent": "center",
      }
    }
  >
    <
      style={
        Object {
          "backgroundColor": "white",
          "marginHorizontal": 40,
          "padding": 24,
        }
      }
    >
      <
        accessible={true}
        allowFontScaling={true}
        disabled={false}
        ellipsizeMode="tail"
        style={
          Object {
            "color": "#000000D4",
            "fontSize": 20,
            "marginBottom": 16,
          }
        }
      >
        close_store_dialog_title
      </>
      <
        style={
          Object {
            "marginLeft": -8,
          }
        }
      >
        <
          style={
            Object {
              "opacity": 1,
            }
          }
        >
          <
            accessibilityComponentType={undefined}
            accessibilityLabel={undefined}
            accessibilityTraits={undefined}
            accessible={true}
            hitSlop={undefined}
            nativeID={undefined}
            onLayout={undefined}
            onResponderGrant={[Function]}
            onResponderMove={[Function]}
            onResponderRelease={[Function]}
            onResponderTerminate={[Function]}
            onResponderTerminationRequest={[Function]}
            onStartShouldSetResponder={[Function]}
            style={
              Array [
                Object {
                  "flexDirection": "row",
                  "flexGrow": 1,
                  "padding": 10,
                },
                undefined,
                Object {
                  "backgroundColor": null,
                },
              ]
            }
            testID={undefined}
          >
            <
              style={
                Array [
                  Object {
                    "alignItems": "center",
                    "justifyContent": "center",
                  },
                  Object {
                    "borderColor": "#07c748",
                    "borderRadius": 10,
                    "borderWidth": 1,
                    "height": 20,
                    "width": 20,
                  },
                ]
              }
            >
              <
                style={
                  Object {
                    "backgroundColor": "#07c748",
                    "borderRadius": 5,
                    "height": 10,
                    "width": 10,
                  }
                }
              />
            </>
            <
              style={
                Object {
                  "alignItems": "center",
                  "justifyContent": "center",
                  "marginLeft": 5,
                }
              }
            >
              <
                accessible={true}
                allowFontScaling={true}
                disabled={false}
                ellipsizeMode="tail"
                style={
                  Object {
                    "color": "black",
                    "fontSize": 16,
                    "paddingLeft": 12,
                  }
                }
              >
                close_store_duration_minutes
              </>
            </>
          </>
        </>
        <
          style={
            Object {
              "opacity": 1,
            }
          }
        >
          <
            accessibilityComponentType={undefined}
            accessibilityLabel={undefined}
            accessibilityTraits={undefined}
            accessible={true}
            hitSlop={undefined}
            nativeID={undefined}
            onLayout={undefined}
            onResponderGrant={[Function]}
            onResponderMove={[Function]}
            onResponderRelease={[Function]}
            onResponderTerminate={[Function]}
            onResponderTerminationRequest={[Function]}
            onStartShouldSetResponder={[Function]}
            style={
              Array [
                Object {
                  "flexDirection": "row",
                  "flexGrow": 1,
                  "padding": 10,
                },
                undefined,
                null,
              ]
            }
            testID={undefined}
          >
            <
              style={
                Array [
                  Object {
                    "alignItems": "center",
                    "justifyContent": "center",
                  },
                  Object {
                    "borderColor": "#757575",
                    "borderRadius": 10,
                    "borderWidth": 1,
                    "height": 20,
                    "width": 20,
                  },
                ]
              }
            >
              <
                style={
                  Object {
                    "borderColor": "#757575",
                    "borderRadius": 10,
                    "borderWidth": 1,
                    "height": 20,
                    "width": 20,
                  }
                }
              />
            </>
            <
              style={
                Object {
                  "alignItems": "center",
                  "justifyContent": "center",
                  "marginLeft": 5,
                }
              }
            >
              <
                accessible={true}
                allowFontScaling={true}
                disabled={false}
                ellipsizeMode="tail"
                style={
                  Object {
                    "color": "black",
                    "fontSize": 16,
                    "paddingLeft": 12,
                  }
                }
              >
                close_store_duration_hours
              </>
            </>
          </>
        </>
        <
          style={
            Object {
              "opacity": 1,
            }
          }
        >
          <
            accessibilityComponentType={undefined}
            accessibilityLabel={undefined}
            accessibilityTraits={undefined}
            accessible={true}
            hitSlop={undefined}
            nativeID={undefined}
            onLayout={undefined}
            onResponderGrant={[Function]}
            onResponderMove={[Function]}
            onResponderRelease={[Function]}
            onResponderTerminate={[Function]}
            onResponderTerminationRequest={[Function]}
            onStartShouldSetResponder={[Function]}
            style={
              Array [
                Object {
                  "flexDirection": "row",
                  "flexGrow": 1,
                  "padding": 10,
                },
                undefined,
                null,
              ]
            }
            testID={undefined}
          >
            <
              style={
                Array [
                  Object {
                    "alignItems": "center",
                    "justifyContent": "center",
                  },
                  Object {
                    "borderColor": "#757575",
                    "borderRadius": 10,
                    "borderWidth": 1,
                    "height": 20,
                    "width": 20,
                  },
                ]
              }
            >
              <
                style={
                  Object {
                    "borderColor": "#757575",
                    "borderRadius": 10,
                    "borderWidth": 1,
                    "height": 20,
                    "width": 20,
                  }
                }
              />
            </>
            <
              style={
                Object {
                  "alignItems": "center",
                  "justifyContent": "center",
                  "marginLeft": 5,
                }
              }
            >
              <
                accessible={true}
                allowFontScaling={true}
                disabled={false}
                ellipsizeMode="tail"
                style={
                  Object {
                    "color": "black",
                    "fontSize": 16,
                    "paddingLeft": 12,
                  }
                }
              >
                today
              </>
            </>
          </>
        </>
        <
          style={
            Object {
              "opacity": 1,
            }
          }
        >
          <
            accessibilityComponentType={undefined}
            accessibilityLabel={undefined}
            accessibilityTraits={undefined}
            accessible={true}
            hitSlop={undefined}
            nativeID={undefined}
            onLayout={undefined}
            onResponderGrant={[Function]}
            onResponderMove={[Function]}
            onResponderRelease={[Function]}
            onResponderTerminate={[Function]}
            onResponderTerminationRequest={[Function]}
            onStartShouldSetResponder={[Function]}
            style={
              Array [
                Object {
                  "flexDirection": "row",
                  "flexGrow": 1,
                  "padding": 10,
                },
                Object {
                  "alignItems": "center",
                  "marginTop": -10,
                },
                null,
              ]
            }
            testID={undefined}
          >
            <
              style={
                Array [
                  Object {
                    "alignItems": "center",
                    "justifyContent": "center",
                  },
                  Object {
                    "borderColor": "#757575",
                    "borderRadius": 10,
                    "borderWidth": 1,
                    "height": 20,
                    "width": 20,
                  },
                ]
              }
            >
              <
                style={
                  Object {
                    "borderColor": "#757575",
                    "borderRadius": 10,
                    "borderWidth": 1,
                    "height": 20,
                    "width": 20,
                  }
                }
              />
            </>
            <
              style={
                Object {
                  "alignItems": "center",
                  "justifyContent": "center",
                  "marginLeft": 5,
                }
              }
            >
              <
                style={
                  Object {
                    "alignItems": "center",
                    "borderBottomWidth": 1,
                    "borderColor": "#07c748",
                    "flexDirection": "row",
                    "marginLeft": 8.5,
                    "marginRight": 10,
                  }
                }
              >
                <
                  keyboardType="numeric"
                  maxLength={1}
                  onChangeText={[Function]}
                  onFocus={[Function]}
                  style={
                    Object {
                      "color": "black",
                      "fontSize": 16,
                      "height": 40,
                      "width": "100%",
                    }
                  }
                  underlineColorAndroid="#07c748"
                  value="2"
                />
                <
                  accessible={true}
                  allowFontScaling={true}
                  disabled={false}
                  ellipsizeMode="tail"
                  style={
                    Object {
                      "bottom": 10,
                      "color": "#757575",
                      "fontSize": 16,
                      "position": "absolute",
                      "right": 0,
                    }
                  }
                >
                  days
                </>
              </>
            </>
          </>
        </>
      </>
      <
        style={
          Object {
            "alignItems": "center",
            "flexDirection": "row",
            "justifyContent": "flex-end",
          }
        }
      >
        <
          accessibilityComponentType={undefined}
          accessibilityLabel={undefined}
          accessibilityTraits={undefined}
          accessible={true}
          collapsable={undefined}
          hitSlop={undefined}
          isTVSelectable={true}
          nativeID={undefined}
          onLayout={undefined}
          onResponderGrant={[Function]}
          onResponderMove={[Function]}
          onResponderRelease={[Function]}
          onResponderTerminate={[Function]}
          onResponderTerminationRequest={[Function]}
          onStartShouldSetResponder={[Function]}
          style={
            Object {
              "opacity": 1,
            }
          }
          testID={undefined}
          tvParallaxProperties={undefined}
        >
          <
            accessible={true}
            allowFontScaling={true}
            disabled={false}
            ellipsizeMode="tail"
            style={
              Object {
                "color": "#07c748",
                "fontSize": 16,
                "fontWeight": "bold",
                "marginLeft": 20,
                "marginTop": 8,
              }
            }
          >
            lbl_cancel
          </>
        </>
        <
          accessibilityComponentType={undefined}
          accessibilityLabel={undefined}
          accessibilityTraits={undefined}
          accessible={true}
          collapsable={undefined}
          hitSlop={undefined}
          isTVSelectable={true}
          nativeID={undefined}
          onLayout={undefined}
          onResponderGrant={[Function]}
          onResponderMove={[Function]}
          onResponderRelease={[Function]}
          onResponderTerminate={[Function]}
          onResponderTerminationRequest={[Function]}
          onStartShouldSetResponder={[Function]}
          style={
            Object {
              "opacity": 1,
            }
          }
          testID={undefined}
          tvParallaxProperties={undefined}
        >
          <
            accessible={true}
            allowFontScaling={true}
            disabled={false}
            ellipsizeMode="tail"
            style={
              Array [
                Object {
                  "color": "#07c748",
                  "fontSize": 16,
                  "fontWeight": "bold",
                  "marginLeft": 20,
                  "marginTop": 8,
                },
                false,
              ]
            }
          >
            lbl_save
          </>
        </>
      </>
    </>
  </>
</Modal>
`;
