// Jest Snapshot v1, https://goo.gl/fbAQLP

exports[`General alert renders correctly 1`] = `
<
  keyboardVerticalOffset={0}
  onLayout={[Function]}
  style={
    Array [
      Object {
        "alignItems": "stretch",
        "backgroundColor": "rgba(0, 0, 0, 0.9)",
        "flex": 1,
        "justifyContent": "flex-start",
      },
      Object {
        "paddingBottom": 0,
      },
    ]
  }
>
  <
    style={
      Object {
        "flex": 1,
      }
    }
  />
  <
    style={
      Object {
        "backgroundColor": "#fff",
        "borderRadius": 5,
        "height": 150,
        "marginHorizontal": 30,
        "padding": 15,
      }
    }
  >
    <
      style={
        Object {
          "flex": 1,
          "justifyContent": "center",
        }
      }
    >
      <
        accessible={true}
        allowFontScaling={true}
        disabled={false}
        ellipsizeMode="tail"
        style={
          Object {
            "fontSize": 16,
            "fontWeight": "bold",
          }
        }
      >
        enen
      </>
    </>
    <
      style={
        Object {
          "alignItems": "center",
          "flex": 1,
          "flexDirection": "row",
          "justifyContent": "flex-end",
        }
      }
    >
      <
        accessibilityComponentType={undefined}
        accessibilityLabel={undefined}
        accessibilityTraits={undefined}
        accessible={true}
        collapsable={undefined}
        hitSlop={undefined}
        isTVSelectable={true}
        nativeID={undefined}
        onLayout={undefined}
        onResponderGrant={[Function]}
        onResponderMove={[Function]}
        onResponderRelease={[Function]}
        onResponderTerminate={[Function]}
        onResponderTerminationRequest={[Function]}
        onStartShouldSetResponder={[Function]}
        style={
          Object {
            "alignItems": "flex-end",
            "marginTop": 5,
            "opacity": 1,
            "padding": 5,
            "paddingRight": 10,
          }
        }
        testID={undefined}
        tvParallaxProperties={undefined}
      >
        <
          accessible={true}
          allowFontScaling={true}
          disabled={false}
          ellipsizeMode="tail"
          style={
            Object {
              "color": "rgba(43, 214, 101, 1)",
              "fontWeight": "bold",
            }
          }
        >
          LBL_OK
        </>
      </>
    </>
  </>
  <
    style={
      Object {
        "flex": 1,
      }
    }
  />
</>
`;
