// Jest Snapshot v1, https://goo.gl/fbAQLP

exports[`StatusBarBackground renders correctly 1`] = `
<
  style={
    Object {
      "backgroundColor": "#FDDA3B",
      "height": 20,
    }
  }
/>
`;
